time;variable;index;id;name;numsamples;min;mean;max;std;
None;testdata;12;BEL;Belgium;450;0.29982;0.337217;0.355911;0.0137749
None;testdata;41;DEU;Germany;1884;0.115642;0.215426;0.345581;0.0648721
None;testdata;43;DNK;Denmark;25;0.115642;0.118471;0.139212;0.00765917
None;testdata;55;FRA;France;240;0.319451;0.335808;0.355911;0.0135266
None;testdata;57;GBR;United Kingdom;352;0.175515;0.225509;0.319451;0.0304237
None;testdata;97;LUX;Luxembourg;2;0.345581;0.345581;0.345581;0.0
None;testdata;117;NLD;Netherlands;654;0.165981;0.249619;0.331169;0.0444068
